<?php return array (
  0 => 'Symfony\\Bundle\\FrameworkBundle\\Controller\\AbstractController',
  1 => 'App\\Controller\\AffectationsAgentsController',
  2 => 'App\\Controller\\AgenceController',
  3 => 'App\\Controller\\AgentController',
  4 => 'App\\Controller\\DemandeController',
  5 => 'App\\Controller\\DepartementController',
  6 => 'App\\Controller\\DossierController',
  7 => 'App\\Controller\\ElectricienController',
  8 => 'App\\Controller\\InstallationController',
  9 => 'App\\Controller\\LocaliteController',
  10 => 'App\\Controller\\MainController',
  11 => 'App\\Controller\\NatureBatimentController',
  12 => 'App\\Controller\\NatureTravauxController',
  13 => 'App\\Controller\\PaiementController',
  14 => 'App\\Controller\\PointNonconfController',
  15 => 'App\\Controller\\PointVerificationController',
  16 => 'App\\Controller\\ProprietaireController',
  17 => 'App\\Controller\\RapportController',
  18 => 'App\\Controller\\RegionController',
  19 => 'App\\Controller\\RegistrationController',
  20 => 'App\\Controller\\RemboursementController',
  21 => 'App\\Controller\\ResetPasswordController',
  22 => 'App\\Controller\\RubriqueController',
  23 => 'App\\Controller\\SecurityController',
  24 => 'App\\Controller\\TypeConstructionController',
  25 => 'App\\Controller\\UtilisateurController',
  26 => 'App\\Entity\\AffectationsAgents',
  27 => 'App\\Entity\\Agence',
  28 => 'App\\Entity\\Agent',
  29 => 'App\\Entity\\Attestation',
  30 => 'App\\Entity\\AttestationConf',
  31 => 'App\\Entity\\Demande',
  32 => 'App\\Entity\\Departement',
  33 => 'App\\Entity\\DetailVerification',
  34 => 'App\\Entity\\Dossier',
  35 => 'App\\Entity\\Electricien',
  36 => 'App\\Entity\\Grille',
  37 => 'App\\Entity\\Installation',
  38 => 'App\\Entity\\Localite',
  39 => 'App\\Entity\\NatureBatiment',
  40 => 'App\\Entity\\NatureTravaux',
  41 => 'App\\Entity\\Paiement',
  42 => 'App\\Entity\\PieceJointe',
  43 => 'App\\Entity\\PointNonconf',
  44 => 'App\\Entity\\PointVerification',
  45 => 'App\\Entity\\Profil',
  46 => 'App\\Entity\\Proprietaire',
  47 => 'App\\Entity\\Rapport',
  48 => 'App\\Entity\\Recu',
  49 => 'App\\Entity\\Region',
  50 => 'App\\Entity\\Remboursement',
  51 => 'App\\Entity\\ResetPasswordRequest',
  52 => 'App\\Entity\\Rubrique',
  53 => 'App\\Entity\\Signature',
  54 => 'App\\Entity\\Tarif',
  55 => 'App\\Entity\\Traits\\createdAtTrait',
  56 => 'App\\Entity\\TypeConstruction',
  57 => 'App\\Entity\\Utilisateur',
  58 => 'App\\Entity\\Visite',
  59 => 'Doctrine\\Bundle\\DoctrineBundle\\Controller\\ProfilerController',
  60 => 'Doctrine\\ORM\\Cache\\Persister\\Entity\\AbstractEntityPersister',
  61 => 'Doctrine\\ORM\\Cache\\Persister\\Entity\\CachedEntityPersister',
  62 => 'Doctrine\\ORM\\Cache\\Persister\\Entity\\NonStrictReadWriteCachedEntityPersister',
  63 => 'Doctrine\\ORM\\Cache\\Persister\\Entity\\ReadOnlyCachedEntityPersister',
  64 => 'Doctrine\\ORM\\Cache\\Persister\\Entity\\ReadWriteCachedEntityPersister',
  65 => 'Doctrine\\ORM\\Persisters\\Entity\\AbstractEntityInheritancePersister',
  66 => 'Doctrine\\ORM\\Persisters\\Entity\\BasicEntityPersister',
  67 => 'Doctrine\\ORM\\Persisters\\Entity\\CachedPersisterContext',
  68 => 'Doctrine\\ORM\\Persisters\\Entity\\EntityPersister',
  69 => 'Doctrine\\ORM\\Persisters\\Entity\\JoinedSubclassPersister',
  70 => 'Doctrine\\ORM\\Persisters\\Entity\\SingleTablePersister',
  71 => 'Endroid\\QrCodeBundle\\Controller\\GenerateController',
  72 => 'SymfonyCasts\\Bundle\\ResetPassword\\Controller\\ResetPasswordControllerTrait',
  74 => 'Symfony\\Bundle\\FrameworkBundle\\Controller\\ControllerResolver',
  75 => 'Symfony\\Bundle\\FrameworkBundle\\Controller\\RedirectController',
  76 => 'Symfony\\Bundle\\FrameworkBundle\\Controller\\TemplateController',
  77 => 'Symfony\\Bundle\\WebProfilerBundle\\Controller\\ExceptionPanelController',
  78 => 'Symfony\\Bundle\\WebProfilerBundle\\Controller\\ProfilerController',
  79 => 'Symfony\\Bundle\\WebProfilerBundle\\Controller\\RouterController',
  80 => 'Symfony\\Component\\HttpKernel\\Controller\\ArgumentResolver',
  81 => 'Symfony\\Component\\HttpKernel\\Controller\\ArgumentResolverInterface',
  82 => 'Symfony\\Component\\HttpKernel\\Controller\\ArgumentResolver\\DefaultValueResolver',
  83 => 'Symfony\\Component\\HttpKernel\\Controller\\ArgumentResolver\\NotTaggedControllerValueResolver',
  84 => 'Symfony\\Component\\HttpKernel\\Controller\\ArgumentResolver\\RequestAttributeValueResolver',
  85 => 'Symfony\\Component\\HttpKernel\\Controller\\ArgumentResolver\\RequestValueResolver',
  86 => 'Symfony\\Component\\HttpKernel\\Controller\\ArgumentResolver\\ServiceValueResolver',
  87 => 'Symfony\\Component\\HttpKernel\\Controller\\ArgumentResolver\\SessionValueResolver',
  88 => 'Symfony\\Component\\HttpKernel\\Controller\\ArgumentResolver\\TraceableValueResolver',
  89 => 'Symfony\\Component\\HttpKernel\\Controller\\ArgumentResolver\\VariadicValueResolver',
  90 => 'Symfony\\Component\\HttpKernel\\Controller\\ArgumentValueResolverInterface',
  91 => 'Symfony\\Component\\HttpKernel\\Controller\\ContainerControllerResolver',
  92 => 'Symfony\\Component\\HttpKernel\\Controller\\ControllerReference',
  93 => 'Symfony\\Component\\HttpKernel\\Controller\\ControllerResolver',
  94 => 'Symfony\\Component\\HttpKernel\\Controller\\ControllerResolverInterface',
  95 => 'Symfony\\Component\\HttpKernel\\Controller\\ErrorController',
  96 => 'Symfony\\Component\\HttpKernel\\Controller\\TraceableArgumentResolver',
  97 => 'Symfony\\Component\\HttpKernel\\Controller\\TraceableControllerResolver',
  98 => 'Symfony\\Component\\Security\\Http\\Controller\\UserValueResolver',
);