<?php return array (
  0 => 'Symfony\\Bundle\\FrameworkBundle\\Controller\\AbstractController',
  1 => 'App\\Controller\\DepartementController',
  2 => 'App\\Controller\\MainController',
  3 => 'App\\Controller\\RegionController',
  4 => 'App\\Controller\\RegistrationController',
  5 => 'App\\Controller\\ResetPasswordController',
  6 => 'App\\Controller\\SecurityController',
  7 => 'App\\Entity\\Accueil',
  8 => 'App\\Entity\\AffectationsAgents',
  9 => 'App\\Entity\\Agence',
  10 => 'App\\Entity\\Agent',
  11 => 'App\\Entity\\Attestation',
  12 => 'App\\Entity\\Caissier',
  13 => 'App\\Entity\\Client',
  14 => 'App\\Entity\\Comptable',
  15 => 'App\\Entity\\Controleur',
  16 => 'App\\Entity\\DAF',
  17 => 'App\\Entity\\Demande',
  18 => 'App\\Entity\\Departement',
  19 => 'App\\Entity\\DetailVerification',
  20 => 'App\\Entity\\Dossier',
  21 => 'App\\Entity\\Grille',
  22 => 'App\\Entity\\Installation',
  23 => 'App\\Entity\\Localite',
  24 => 'App\\Entity\\NatureBatiment',
  25 => 'App\\Entity\\NatureTravaux',
  26 => 'App\\Entity\\Paiement',
  27 => 'App\\Entity\\PieceJointe',
  28 => 'App\\Entity\\PointNomConforme',
  29 => 'App\\Entity\\Rapport',
  30 => 'App\\Entity\\Recu',
  31 => 'App\\Entity\\Referent',
  32 => 'App\\Entity\\Region',
  33 => 'App\\Entity\\ResetPasswordRequest',
  34 => 'App\\Entity\\RespoFrontOffice',
  35 => 'App\\Entity\\Rubrique',
  36 => 'App\\Entity\\Tarif',
  37 => 'App\\Entity\\Traits\\createdAtTrait',
  38 => 'App\\Entity\\Traits\\slugTrait',
  39 => 'App\\Entity\\TypeConstruction',
  40 => 'App\\Entity\\Utilisateur',
  41 => 'App\\Entity\\Verification',
  42 => 'App\\Entity\\Visite',
  43 => 'Doctrine\\Bundle\\DoctrineBundle\\Controller\\ProfilerController',
  44 => 'Doctrine\\ORM\\Cache\\Persister\\Entity\\AbstractEntityPersister',
  45 => 'Doctrine\\ORM\\Cache\\Persister\\Entity\\CachedEntityPersister',
  46 => 'Doctrine\\ORM\\Cache\\Persister\\Entity\\NonStrictReadWriteCachedEntityPersister',
  47 => 'Doctrine\\ORM\\Cache\\Persister\\Entity\\ReadOnlyCachedEntityPersister',
  48 => 'Doctrine\\ORM\\Cache\\Persister\\Entity\\ReadWriteCachedEntityPersister',
  49 => 'Doctrine\\ORM\\Persisters\\Entity\\AbstractEntityInheritancePersister',
  50 => 'Doctrine\\ORM\\Persisters\\Entity\\BasicEntityPersister',
  51 => 'Doctrine\\ORM\\Persisters\\Entity\\CachedPersisterContext',
  52 => 'Doctrine\\ORM\\Persisters\\Entity\\EntityPersister',
  53 => 'Doctrine\\ORM\\Persisters\\Entity\\JoinedSubclassPersister',
  54 => 'Doctrine\\ORM\\Persisters\\Entity\\SingleTablePersister',
  55 => 'SymfonyCasts\\Bundle\\ResetPassword\\Controller\\ResetPasswordControllerTrait',
  57 => 'Symfony\\Bundle\\FrameworkBundle\\Controller\\ControllerResolver',
  58 => 'Symfony\\Bundle\\FrameworkBundle\\Controller\\RedirectController',
  59 => 'Symfony\\Bundle\\FrameworkBundle\\Controller\\TemplateController',
  60 => 'Symfony\\Bundle\\WebProfilerBundle\\Controller\\ExceptionPanelController',
  61 => 'Symfony\\Bundle\\WebProfilerBundle\\Controller\\ProfilerController',
  62 => 'Symfony\\Bundle\\WebProfilerBundle\\Controller\\RouterController',
  63 => 'Symfony\\Component\\HttpKernel\\Controller\\ArgumentResolver',
  64 => 'Symfony\\Component\\HttpKernel\\Controller\\ArgumentResolverInterface',
  65 => 'Symfony\\Component\\HttpKernel\\Controller\\ArgumentResolver\\DefaultValueResolver',
  66 => 'Symfony\\Component\\HttpKernel\\Controller\\ArgumentResolver\\NotTaggedControllerValueResolver',
  67 => 'Symfony\\Component\\HttpKernel\\Controller\\ArgumentResolver\\RequestAttributeValueResolver',
  68 => 'Symfony\\Component\\HttpKernel\\Controller\\ArgumentResolver\\RequestValueResolver',
  69 => 'Symfony\\Component\\HttpKernel\\Controller\\ArgumentResolver\\ServiceValueResolver',
  70 => 'Symfony\\Component\\HttpKernel\\Controller\\ArgumentResolver\\SessionValueResolver',
  71 => 'Symfony\\Component\\HttpKernel\\Controller\\ArgumentResolver\\TraceableValueResolver',
  72 => 'Symfony\\Component\\HttpKernel\\Controller\\ArgumentResolver\\VariadicValueResolver',
  73 => 'Symfony\\Component\\HttpKernel\\Controller\\ArgumentValueResolverInterface',
  74 => 'Symfony\\Component\\HttpKernel\\Controller\\ContainerControllerResolver',
  75 => 'Symfony\\Component\\HttpKernel\\Controller\\ControllerReference',
  76 => 'Symfony\\Component\\HttpKernel\\Controller\\ControllerResolver',
  77 => 'Symfony\\Component\\HttpKernel\\Controller\\ControllerResolverInterface',
  78 => 'Symfony\\Component\\HttpKernel\\Controller\\ErrorController',
  79 => 'Symfony\\Component\\HttpKernel\\Controller\\TraceableArgumentResolver',
  80 => 'Symfony\\Component\\HttpKernel\\Controller\\TraceableControllerResolver',
  81 => 'Symfony\\Component\\Security\\Http\\Controller\\UserValueResolver',
);