<?php return array (
  0 => 'Symfony\\Bundle\\FrameworkBundle\\Controller\\AbstractController',
  1 => 'App\\Controller\\AffectationsAgentsController',
  2 => 'App\\Controller\\AgenceController',
  3 => 'App\\Controller\\AgentController',
  4 => 'App\\Controller\\DepartementController',
  5 => 'App\\Controller\\ElectricienController',
  6 => 'App\\Controller\\InstallationController',
  7 => 'App\\Controller\\LocaliteController',
  8 => 'App\\Controller\\MainController',
  9 => 'App\\Controller\\NatureBatimentController',
  10 => 'App\\Controller\\NatureTravauxController',
  11 => 'App\\Controller\\ProprietaireController',
  12 => 'App\\Controller\\RegionController',
  13 => 'App\\Controller\\RegistrationController',
  14 => 'App\\Controller\\ResetPasswordController',
  15 => 'App\\Controller\\SecurityController',
  16 => 'App\\Controller\\TypeConstructionController',
  17 => 'App\\Controller\\UtilisateurController',
  18 => 'App\\Entity\\Accueil',
  19 => 'App\\Entity\\AffectationsAgents',
  20 => 'App\\Entity\\Agence',
  21 => 'App\\Entity\\Agent',
  22 => 'App\\Entity\\Attestation',
  23 => 'App\\Entity\\Caissier',
  24 => 'App\\Entity\\Comptable',
  25 => 'App\\Entity\\Controleur',
  26 => 'App\\Entity\\DAF',
  27 => 'App\\Entity\\Demande',
  28 => 'App\\Entity\\Departement',
  29 => 'App\\Entity\\DetailVerification',
  30 => 'App\\Entity\\Dossier',
  31 => 'App\\Entity\\Electricien',
  32 => 'App\\Entity\\Grille',
  33 => 'App\\Entity\\Installation',
  34 => 'App\\Entity\\Localite',
  35 => 'App\\Entity\\NatureBatiment',
  36 => 'App\\Entity\\NatureTravaux',
  37 => 'App\\Entity\\Paiement',
  38 => 'App\\Entity\\PieceJointe',
  39 => 'App\\Entity\\PointNomConforme',
  40 => 'App\\Entity\\Proprietaire',
  41 => 'App\\Entity\\Rapport',
  42 => 'App\\Entity\\Recu',
  43 => 'App\\Entity\\Referent',
  44 => 'App\\Entity\\Region',
  45 => 'App\\Entity\\ResetPasswordRequest',
  46 => 'App\\Entity\\RespoFrontOffice',
  47 => 'App\\Entity\\Rubrique',
  48 => 'App\\Entity\\Tarif',
  49 => 'App\\Entity\\Traits\\createdAtTrait',
  50 => 'App\\Entity\\TypeConstruction',
  51 => 'App\\Entity\\Utilisateur',
  52 => 'App\\Entity\\Verification',
  53 => 'App\\Entity\\Visite',
  54 => 'Doctrine\\Bundle\\DoctrineBundle\\Controller\\ProfilerController',
  55 => 'Doctrine\\ORM\\Cache\\Persister\\Entity\\AbstractEntityPersister',
  56 => 'Doctrine\\ORM\\Cache\\Persister\\Entity\\CachedEntityPersister',
  57 => 'Doctrine\\ORM\\Cache\\Persister\\Entity\\NonStrictReadWriteCachedEntityPersister',
  58 => 'Doctrine\\ORM\\Cache\\Persister\\Entity\\ReadOnlyCachedEntityPersister',
  59 => 'Doctrine\\ORM\\Cache\\Persister\\Entity\\ReadWriteCachedEntityPersister',
  60 => 'Doctrine\\ORM\\Persisters\\Entity\\AbstractEntityInheritancePersister',
  61 => 'Doctrine\\ORM\\Persisters\\Entity\\BasicEntityPersister',
  62 => 'Doctrine\\ORM\\Persisters\\Entity\\CachedPersisterContext',
  63 => 'Doctrine\\ORM\\Persisters\\Entity\\EntityPersister',
  64 => 'Doctrine\\ORM\\Persisters\\Entity\\JoinedSubclassPersister',
  65 => 'Doctrine\\ORM\\Persisters\\Entity\\SingleTablePersister',
  66 => 'SymfonyCasts\\Bundle\\ResetPassword\\Controller\\ResetPasswordControllerTrait',
  68 => 'Symfony\\Bundle\\FrameworkBundle\\Controller\\ControllerResolver',
  69 => 'Symfony\\Bundle\\FrameworkBundle\\Controller\\RedirectController',
  70 => 'Symfony\\Bundle\\FrameworkBundle\\Controller\\TemplateController',
  71 => 'Symfony\\Bundle\\WebProfilerBundle\\Controller\\ExceptionPanelController',
  72 => 'Symfony\\Bundle\\WebProfilerBundle\\Controller\\ProfilerController',
  73 => 'Symfony\\Bundle\\WebProfilerBundle\\Controller\\RouterController',
  74 => 'Symfony\\Component\\HttpKernel\\Controller\\ArgumentResolver',
  75 => 'Symfony\\Component\\HttpKernel\\Controller\\ArgumentResolverInterface',
  76 => 'Symfony\\Component\\HttpKernel\\Controller\\ArgumentResolver\\DefaultValueResolver',
  77 => 'Symfony\\Component\\HttpKernel\\Controller\\ArgumentResolver\\NotTaggedControllerValueResolver',
  78 => 'Symfony\\Component\\HttpKernel\\Controller\\ArgumentResolver\\RequestAttributeValueResolver',
  79 => 'Symfony\\Component\\HttpKernel\\Controller\\ArgumentResolver\\RequestValueResolver',
  80 => 'Symfony\\Component\\HttpKernel\\Controller\\ArgumentResolver\\ServiceValueResolver',
  81 => 'Symfony\\Component\\HttpKernel\\Controller\\ArgumentResolver\\SessionValueResolver',
  82 => 'Symfony\\Component\\HttpKernel\\Controller\\ArgumentResolver\\TraceableValueResolver',
  83 => 'Symfony\\Component\\HttpKernel\\Controller\\ArgumentResolver\\VariadicValueResolver',
  84 => 'Symfony\\Component\\HttpKernel\\Controller\\ArgumentValueResolverInterface',
  85 => 'Symfony\\Component\\HttpKernel\\Controller\\ContainerControllerResolver',
  86 => 'Symfony\\Component\\HttpKernel\\Controller\\ControllerReference',
  87 => 'Symfony\\Component\\HttpKernel\\Controller\\ControllerResolver',
  88 => 'Symfony\\Component\\HttpKernel\\Controller\\ControllerResolverInterface',
  89 => 'Symfony\\Component\\HttpKernel\\Controller\\ErrorController',
  90 => 'Symfony\\Component\\HttpKernel\\Controller\\TraceableArgumentResolver',
  91 => 'Symfony\\Component\\HttpKernel\\Controller\\TraceableControllerResolver',
  92 => 'Symfony\\Component\\Security\\Http\\Controller\\UserValueResolver',
);